[chiesitotalcare.com/index.html]
[backblue.gif]
[fade.gif]
[index.html]
[chiesitotalcare.com/assets/images/favicon-32x32-pink.png]
[chiesitotalcare.com/assets/images/favicon-16x16-pink.png]
[cdn.jsdelivr.net/npm/bootstrap@4.6.0/dist/css/bootstrap.min.css]
[cdnjs.cloudflare.com/ajax/libs/simplebar/5.3.0/simplebar.min.css]
[pro.fontawesome.com/releases/v5.10.0/css/all.css]
[chiesitotalcare.com/assets/css/style.minec93.css]
[chiesitotalcare.com/assets/css/sitestyles.min8858.css]
[chiesitotalcare.com/assets/images/background-home-lesa-no-pills.png]
[chiesitotalcare.com/assets/images/logo-chiesi-total-care.svg]
[chiesitotalcare.com/ferriprox/healthcare-professionals/index.html]
[chiesitotalcare.com/elfabrio/healthcare-professionals/index.html]
[chiesitotalcare.com/filsuvez/healthcare-professionals/index.html]
[chiesitotalcare.com/assets/images/logo-chiesi-total-care-footer.svg]
[chiesitotalcare.com/lamzede/healthcare-professionals/index.html]
[chiesitotalcare.com/mycapssa/healthcare-professionals/index.html]
[code.jquery.com/jquery-3.6.0.min.js]
[chiesitotalcare.com/elfabrio/patients-caregivers/index.html]
[chiesitotalcare.com/ferriprox/patients-caregivers/index.html]
[cdn.jsdelivr.net/npm/bootstrap@4.6.0/dist/js/bootstrap.bundle.min.js]
[chiesitotalcare.com/filsuvez/patients-caregivers/index.html]
[chiesitotalcare.com/revcovi/healthcare-professionals/index.html]
[cdnjs.cloudflare.com/ajax/libs/popper.js/1.14.3/umd/popper.min.js]
[chiesitotalcare.com/revcovi/patients-caregivers/index.html]
[chiesitotalcare.com/mycapssa/patients-caregivers/index.html]
[chiesitotalcare.com/lamzede/patients-caregivers/index.html]
[cdnjs.cloudflare.com/ajax/libs/simplebar/5.3.0/simplebar.min.js]
[chiesitotalcare.com/assets/js/master-custom-scripts.min065f.js]
[chiesitotalcare.com/assets/js/sitescripts.mindd16.js]
[chiesitotalcare.com/index.html]
[www.googletagmanager.com/gtm5445.html]
[cdn.jsdelivr.net/npm/bootstrap@4.6.0/dist/css/bootstrap.min.css]
[cdnjs.cloudflare.com/ajax/libs/simplebar/5.3.0/simplebar.min.css]
[pro.fontawesome.com/releases/v5.10.0/css/all.css]
[acsbapp.com/apps/app/assets/js/acsb.js]
[chiesitotalcare.com/images/starterkit/testimage2.html]
[chiesitotalcare.com/assets/css/style.minec93.css]
[chiesitotalcare.com/images/starterkit/arrow-white.html]
[chiesitotalcare.com/assets/fonts/JustLovely.woff]
[chiesitotalcare.com/assets/css/sitestyles.min8858.css]
[chiesitotalcare.com/assets/css/image.minb9e5.css]
[chiesitotalcare.com/assets/images/logo-chiesi-total-care.svg]
[chiesitotalcare.com/assets/css/sitestyles67d9.css]
[chiesitotalcare.com/assets/images/logo-elfabrio.png]
[chiesitotalcare.com/assets/images/commercial_insurance.png]
[chiesitotalcare.com/assets/images/government_insurance.png]
[chiesitotalcare.com/assets/images/no_insurance.png]
[chiesitotalcare.com/assets/images/ctc_team.png]
[chiesitotalcare.com/assets/images/infusion_assistance.png]
[chiesitotalcare.com/assets/images/routine-testing.png]
[chiesitotalcare.com/assets/images/background-elfabrio-hcp-copay.jpg]
[chiesitotalcare.com/assets/images/elfabrio-starter-kit.jpg]
[chiesitotalcare.com/assets/images/background-elfabrio-hcp-contact.jpg]
[chiesitotalcare.com/assets/images/phone.png]
[chiesitotalcare.com/assets/images/fax.png]
[chiesitotalcare.com/assets/images/hours.png]
[chiesitotalcare.com/assets/images/location.png]
[chiesitotalcare.com/elfabrio/healthcare-professionals/index.html]
[chiesitotalcare.com/assets/images/background-home-lesa.png]
[chiesitotalcare.com/assets/images/logo-ferriprox-twice-a-day.png]
[chiesitotalcare.com/assets/images/logo-ferriprox.png]
[chiesitotalcare.com/assets/images/icon_commercial@2x_desktop.png]
[chiesitotalcare.com/assets/images/icon_government@2x_desktop.png]
[chiesitotalcare.com/assets/images/icon_no-insurance@2x_desktop.png]
[chiesitotalcare.com/assets/images/icon_total-care@2x_desktop.png]
[chiesitotalcare.com/assets/images/icon_bottle@2x_desk.png]
[chiesitotalcare.com/assets/images/background-ferriprox-copay-mobile.png]
[chiesitotalcare.com/assets/images/background-ferriprox-copay.png]
[chiesitotalcare.com/assets/images/ferriprox_kit.png]
[chiesitotalcare.com/assets/images/background-ferriprox-contact.png]
[chiesitotalcare.com/assets/images/icon_phone@2x_desktop.png]
[chiesitotalcare.com/assets/images/icon_fax@2x_desktop.png]
[chiesitotalcare.com/assets/images/icon_clock@2x_desktop.png]
[chiesitotalcare.com/assets/images/icon_geotag@2x_desktop.png]
[chiesitotalcare.com/ferriprox/healthcare-professionals/index.html]
[chiesitotalcare.com/assets/js/master-custom-scriptse441.js]
[chiesitotalcare.com/assets/images/apopharma4783-final_white-highlight@2x.png]
[chiesitotalcare.com/assets/images/filsuvez_topicalgel_logo_final_color@2x_mobile.png]
[chiesitotalcare.com/assets/images/icon_tube_1920.png]
[chiesitotalcare.com/assets/images/access-guide_1920.png]
[chiesitotalcare.com/assets/images/pink_hero_bf@2x_mobile.png]
[chiesitotalcare.com/assets/images/deepbluesky_cva_cvr_@2x_1920.png]
[chiesitotalcare.com/assets/images/starter-kit-mockup@2x_1920.png]
[chiesitotalcare.com/assets/images/pink_hero_mobile_v2.png]
[chiesitotalcare.com/assets/images/pink_hero_bf_tab.png]
[chiesitotalcare.com/assets/images/pink_hero_bf_1920.png]
[chiesitotalcare.com/filsuvez/healthcare-professionals/index.html]
[chiesitotalcare.com/assets/images/logo-lamzede.svg]
[chiesitotalcare.com/assets/images/background-lamzede-copay-mobile.jpg]
[chiesitotalcare.com/assets/images/background-lamzede-copay.jpg]
[chiesitotalcare.com/assets/images/background-lamzede-contact-mobile.jpg]
[chiesitotalcare.com/assets/images/background-lamzede-contact.jpg]
[chiesitotalcare.com/lamzede/healthcare-professionals/index.html]
[chiesitotalcare.com/assets/css/sitestyles3e6a.css]
[chiesitotalcare.com/assets/images/mycapssalogo_20mg_4c.png]
[chiesitotalcare.com/assets/images/icon_commercial.png]
[chiesitotalcare.com/assets/images/icon_gov.png]
[chiesitotalcare.com/assets/images/icon_no-insurance.png]
[chiesitotalcare.com/assets/images/icon_tc.png]
[chiesitotalcare.com/assets/images/icon_pill.png]
[chiesitotalcare.com/assets/images/becky-with-caption_mobil.png]
[chiesitotalcare.com/assets/images/mycapssa_becky-with-caption_1920.png]
[chiesitotalcare.com/assets/images/starterkit-mycapssa.png]
[chiesitotalcare.com/assets/pdfs/mycapssa-pi-pg-ifu-mar2022_v3-final.pdf]
[chiesitotalcare.com/assets/images/jim-with-caption_mobil.png]
[chiesitotalcare.com/assets/images/mycapssa-jim-with-caption_1920.png]
[chiesitotalcare.com/assets/images/icon_phone.png]
[chiesitotalcare.com/assets/images/icon_fax.png]
[chiesitotalcare.com/assets/images/icon_clock.png]
[chiesitotalcare.com/assets/images/icon_location.png]
[chiesitotalcare.com/mycapssa/healthcare-professionals/index.html]
[chiesitotalcare.com/assets/images/apopharma4783-final_white-highlight@2x-recent.png]
[chiesitotalcare.com/assets/images/logo-revcovi.svg]
[chiesitotalcare.com/assets/images/icon_commercial@2x_desk.png]
[chiesitotalcare.com/assets/images/icon_government@2x_desk.png]
[chiesitotalcare.com/assets/images/icon_plus@2x_desk.png]
[chiesitotalcare.com/assets/images/icon_total-care@2x_desk.png]
[chiesitotalcare.com/assets/images/icon_needle@2x_desk.png]
[chiesitotalcare.com/assets/images/josh-family_46041_no-caption@2x_mobile.png]
[chiesitotalcare.com/assets/images/josh-family_46041_no-caption@2x.png]
[chiesitotalcare.com/assets/images/bg-orange-totalcare.jpg]
[chiesitotalcare.com/assets/images/revcovi-kit.png]
[chiesitotalcare.com/assets/images/rw_revcovi_04-ashley-basket_45820_no-caption@2x_mobile.png]
[chiesitotalcare.com/assets/images/rw_revcovi_04-ashley-basket_45820_no-caption@2x.png]
[chiesitotalcare.com/revcovi/healthcare-professionals/index.html]
[chiesitotalcare.com/assets/images/background-elfabrio-patient-copay.jpg]
[chiesitotalcare.com/assets/images/background-elfabrio-patient-contact.jpg]
[chiesitotalcare.com/elfabrio/patients-caregivers/index.html]
[cdnjs.cloudflare.com/ajax/libs/twitter-bootstrap/4.6.0/css/bootstrap.min.css]
[cdnjs.cloudflare.com/ajax/libs/jquery/3.6.0/jquery.min.js]
[chiesitotalcare.com/ferriprox/patients-caregivers/index.html]
[chiesitotalcare.com/filsuvez/patients-caregivers/index.html]
[chiesitotalcare.com/lamzede/patients-caregivers/index.html]
[chiesitotalcare.com/mycapssa/patients-caregivers/index.html]
[chiesitotalcare.com/revcovi/patients-caregivers/index.html]
[chiesitotalcare.com/assets/images/logo-chiesi-total-care-footer.svg]
[cdnjs.cloudflare.com/ajax/libs/twitter-bootstrap/4.6.0/js/bootstrap.min.js]
[chiesitotalcare.com/404.html]
[chiesitotalcare.com/assets/images/favicon-32x32.png]
[chiesitotalcare.com/assets/images/favicon-16x16.png]
[chiesitotalcare.com/images/starterkit/testimage2.html]
[chiesitotalcare.com/images/starterkit/arrow-white.html]
[chiesitotalcare.com/assets/css/sitestyles67d9.css]
[chiesitotalcare.com/assets/images/logo-lamzede.svg]
[chiesitotalcare.com/assets/css/sitestyles3e6a.css]
[chiesitotalcare.com/assets/images/logo-revcovi.svg]
[cdnjs.cloudflare.com/ajax/libs/twitter-bootstrap/4.6.0/css/bootstrap.min.css]
[chiesitotalcare.com/404.html]
